ï¿½ï¿½ï¿½ï¿½ï¿½ï¿½ï¿½ï¿½ï¿½ï¿½xï¿½%ï¿½ets Jul 29 2019 12:21:46

rst:0x1 (POWERON_RESET),boot:0x1b (SPI_FAST_FLASH_BOOT)
configsip: 0, SPIWP:0xee
clk_drv:0x00,q_drv:0x00,d_drv:0x00,cs0_drv:0x00,hd_drv:0x00,wp_drv:0x00
mode:DIO, clock div:1
load:0x3fff0030,len:7172
load:0x40078000,len:15552
ho 0 tail 12 room 4
load:0x40080400,len:4
load:0x40080404,len:3904
entry 0x40080640
[0;32mI (31) boot: ESP-IDF v5.2.2-dirty 2nd stage bootloader[0m
[0;32mI (31) boot: compile time Jun 25 2024 19:32:12[0m
[0;32mI (31) boot: Multicore bootloader[0m
[0;32mI (36) boot: chip revision: v3.1[0m
[0;32mI (40) boot.esp32: SPI Speed      : 80MHz[0m
[0;32mI (44) boot.esp32: SPI Mode       : DIO[0m
[0;32mI (49) boot.esp32: SPI Flash Size : 4MB[0m
[0;32mI (53) boot: Enabling RNG early entropy source...[0m
[0;32mI (59) boot: Partition Table:[0m
[0;32mI (62) boot: ## Label            Usage          Type ST Offset   Length[0m
[0;32mI (70) boot:  0 nvs              WiFi data        01 02 00009000 00006000[0m
[0;32mI (77) boot:  1 phy_init         RF data          01 01 0000f000 00001000[0m
[0;32mI (85) boot:  2 factory          factory app      00 00 00010000 00100000[0m
[0;32mI (92) boot: End of partition table[0m
[0;32mI (96) esp_image: segment 0: paddr=00010020 vaddr=3f400020 size=0c5e4h ( 50660) map[0m
[0;32mI (119) esp_image: segment 1: paddr=0001c60c vaddr=3ffb0000 size=02394h (  9108) load[0m
[0;32mI (122) esp_image: segment 2: paddr=0001e9a8 vaddr=40080000 size=01670h (  5744) load[0m
[0;32mI (127) esp_image: segment 3: paddr=00020020 vaddr=400d0020 size=18ef4h (102132) map[0m
[0;32mI (162) esp_image: segment 4: paddr=00038f1c vaddr=40081670 size=0d88ch ( 55436) load[0m
[0;32mI (188) boot: Loaded app from partition at offset 0x10000[0m
[0;32mI (188) boot: Disabling RNG early entropy source...[0m
[0;32mI (200) cpu_start: Multicore app[0m
[0;32mI (208) cpu_start: Pro cpu start user code[0m
[0;32mI (208) cpu_start: cpu freq: 160000000 Hz[0m
[0;32mI (208) cpu_start: Application information:[0m
[0;32mI (211) cpu_start: Project name:     SpaceInvadersTest[0m
[0;32mI (217) cpu_start: App version:      v5.2.2-dirty[0m
[0;32mI (223) cpu_start: Compile time:     Jun 25 2024 19:32:04[0m
[0;32mI (229) cpu_start: ELF file SHA256:  59f05bfa9...[0m
[0;32mI (234) cpu_start: ESP-IDF:          v5.2.2-dirty[0m
[0;32mI (239) cpu_start: Min chip rev:     v0.0[0m
[0;32mI (244) cpu_start: Max chip rev:     v3.99 [0m
[0;32mI (249) cpu_start: Chip rev:         v3.1[0m
[0;32mI (254) heap_init: Initializing. RAM available for dynamic allocation:[0m
[0;32mI (261) heap_init: At 3FFAE6E0 len 00001920 (6 KiB): DRAM[0m
[0;32mI (267) heap_init: At 3FFB3038 len 0002CFC8 (179 KiB): DRAM[0m
[0;32mI (273) heap_init: At 3FFE0440 len 00003AE0 (14 KiB): D/IRAM[0m
[0;32mI (280) heap_init: At 3FFE4350 len 0001BCB0 (111 KiB): D/IRAM[0m
[0;32mI (286) heap_init: At 4008EEFC len 00011104 (68 KiB): IRAM[0m
[0;32mI (293) spi_flash: detected chip: generic[0m
[0;32mI (297) spi_flash: flash io: dio[0m
[0;32mI (301) main_task: Started on CPU0[0m
[0;32mI (311) main_task: Calling app_main()[0m
[0;32mI (311) gpio: GPIO[0]| InputEn: 1| OutputEn: 0| OpenDrain: 0| Pullup: 1| Pulldown: 0| Intr:2 [0m
[0;32mI (311) gpio: GPIO[5]| InputEn: 1| OutputEn: 0| OpenDrain: 0| Pullup: 1| Pulldown: 0| Intr:2 [0m
[0;32mI (321) gpio: GPIO[21]| InputEn: 1| OutputEn: 0| OpenDrain: 0| Pullup: 1| Pulldown: 0| Intr:2 [0m
[0;32mI (331) gpio: GPIO[33]| InputEn: 1| OutputEn: 0| OpenDrain: 0| Pullup: 1| Pulldown: 0| Intr:2 [0m
Buttons Configured!
[0;32mI (341) gpio: GPIO[2]| InputEn: 0| OutputEn: 1| OpenDrain: 0| Pullup: 0| Pulldown: 0| Intr:0 [0m
[0;32mI (351) gpio: GPIO[4]| InputEn: 0| OutputEn: 1| OpenDrain: 0| Pullup: 0| Pulldown: 0| Intr:0 [0m
 0  0  0  0  0  0  0  0  0  0  0  0  0  0  0  0  0  0  0  0 
 0  0  0  0  0  0  0  0  0  0  0  0  0  0  0  0  0  0  0  0 
 0  0  2  0  0  0  0  0  0  0  0  0  0  0  0  0  0  0  0  0 
 0  0  3  0  0  0  0  0  0  0  0  0  0  0  0  0  0  0  0  0 
 0  0  4  0  0  0  0  0  0  0  0  0  0  0  0  0  0  0  0  0 
 0  0  5  0  0  0  0  0  0  0  0  0  0  0  0  0  0  0  0  0 
 0  0  6  0  0  0  0  0  0  0  0  0  0  0  0  0  0  0  0  0 
 0  0  7  0  0  0  0  0  0  0  1  0  0  0  0  0  0  0  0  0 
 0  0  8  0  0  0  0  0  0  0  0  0  0  0  0  0  0  0  0  0 
 0  0  9  0  0  0  0  0  0  0  0  0  0  0  0  0  0  0  0  0 
 0  0  10  0  0  0  0  0  0  0  0  0  0  0  0  0  0  0  0  0 
 0  0  11  0  0  0  0  0  0  0  0  0  0  0  0  0  0  0  0  0 
 0  0  12  0  0  0  0  0  0  0  0  0  0  0  0  0  0  0  0  0 
 0  0  0  0  0  0  0  0  0  0  0  0  0  0  0  0  0  0  0  0 
 0  0  0  0  0  0  0  0  0  0  0  0  0  0  0  0  0  0  0  0 

